30 mtime=1627455308.924310185
30 atime=1627456322.982562456
30 ctime=1627456323.294566826
